// Jest Snapshot v1, https://goo.gl/fbAQLP

exports[`FullInformationCardLoader should take a snapshot 1`] = `
<div>
  <div
    class="sc-csKJxZ imMYB"
  >
    <span
      class="MuiSkeleton-root MuiSkeleton-text MuiSkeleton-pulse css-1e1x4vv-MuiSkeleton-root"
      data-testid="skeleton"
    />
    <span
      class="MuiSkeleton-root MuiSkeleton-text MuiSkeleton-pulse css-1e1x4vv-MuiSkeleton-root"
      data-testid="skeleton"
    />
    <span
      class="MuiSkeleton-root MuiSkeleton-text MuiSkeleton-pulse css-1e1x4vv-MuiSkeleton-root"
      data-testid="skeleton"
    />
    <span
      class="MuiSkeleton-root MuiSkeleton-text MuiSkeleton-pulse css-1e1x4vv-MuiSkeleton-root"
      data-testid="skeleton"
    />
    <span
      class="MuiSkeleton-root MuiSkeleton-text MuiSkeleton-pulse css-1e1x4vv-MuiSkeleton-root"
      data-testid="skeleton"
    />
  </div>
</div>
`;
