// Jest Snapshot v1, https://goo.gl/fbAQLP

exports[`PropertyDetailBreadCrumbs component should take a snapshot 1`] = `
<div>
  <div
    class="sc-qZrbh bfdSXZ"
  >
    <nav
      aria-label="breadcrumbs"
      class="MuiTypography-root MuiTypography-body1 MuiBreadcrumbs-root css-63vwl1-MuiTypography-root-MuiBreadcrumbs-root"
    >
      <ol
        class="MuiBreadcrumbs-ol css-4pdmu4-MuiBreadcrumbs-ol"
      >
        <li
          class="MuiBreadcrumbs-li"
        >
          <a
            data-testid="breadcrumb-link"
            to="/"
          >
            <p
              class="MuiTypography-root MuiTypography-body1 sc-hLQSwg fJWCBm css-ahj2mt-MuiTypography-root"
            >
              Home
            </p>
          </a>
        </li>
        <li
          aria-hidden="true"
          class="MuiBreadcrumbs-separator css-1wuw8dw-MuiBreadcrumbs-separator"
        >
          /
        </li>
        <li
          class="MuiBreadcrumbs-li"
        >
          <a
            to="#"
          >
            <p
              class="MuiTypography-root MuiTypography-body1 sc-hLQSwg fJWCBm css-ahj2mt-MuiTypography-root"
            >
              Properties
            </p>
          </a>
        </li>
        <li
          aria-hidden="true"
          class="MuiBreadcrumbs-separator css-1wuw8dw-MuiBreadcrumbs-separator"
        >
          /
        </li>
        <li
          class="MuiBreadcrumbs-li"
        >
          <a
            to="/property/"
          >
            <p
              class="MuiTypography-root MuiTypography-body1 sc-hLQSwg fJWCBm css-ahj2mt-MuiTypography-root"
            />
          </a>
        </li>
      </ol>
    </nav>
  </div>
</div>
`;
