// Jest Snapshot v1, https://goo.gl/fbAQLP

exports[`PropertyGallery component should take a snapshot 1`] = `
<div>
  <div
    class="sc-qZrbh gHMCpY"
  >
    <swiper-container
      class="sc-jsEeTM gIxqPw"
      data-testid="swiper-container"
      init="false"
    >
      <swiper-slide
        data-testid="swiper-slide"
      >
        <img
          alt="property-0"
          loading="lazy"
          src="data:image/png;base64,iVBORw0KGgoAAAANSUhEUgAAAAQAAAAECAIAAAAmkwkpAAAACXBIWXMAAA7EAAAOxAGVKw4bAAAAP0lEQVR4nAE0AMv/AAAHEYuepKGtsyYyOABEVVWtsLagm6STtK8Ap6ely8G2//TW6v/1AKqtoM+9n/3fxdzTxZdEHmCoP789AAAAAElFTkSuQmCC"
          style="visibility: visible; transition: visibility 200ms ease-out 700ms;"
        />
      </swiper-slide>
      <swiper-slide
        data-testid="swiper-slide"
      >
        <img
          alt="property-1"
          loading="lazy"
          src="data:image/png;base64,iVBORw0KGgoAAAANSUhEUgAAAAQAAAAECAIAAAAmkwkpAAAACXBIWXMAAA7EAAAOxAGVKw4bAAAAP0lEQVR4nAE0AMv/AAAHEYuepKGtsyYyOABEVVWtsLagm6STtK8Ap6ely8G2//TW6v/1AKqtoM+9n/3fxdzTxZdEHmCoP789AAAAAElFTkSuQmCC"
          style="visibility: visible; transition: visibility 200ms ease-out 700ms;"
        />
      </swiper-slide>
    </swiper-container>
    <swiper-container
      class="sc-kFCroH hrcOlN"
      data-testid="swiper-container"
      init="false"
    >
      <swiper-slide
        data-testid="swiper-slide"
      >
        <img
          alt="property-thumbs-0"
          loading="lazy"
          src="data:image/png;base64,iVBORw0KGgoAAAANSUhEUgAAAAQAAAAECAIAAAAmkwkpAAAACXBIWXMAAA7EAAAOxAGVKw4bAAAAP0lEQVR4nAE0AMv/AAAHEYuepKGtsyYyOABEVVWtsLagm6STtK8Ap6ely8G2//TW6v/1AKqtoM+9n/3fxdzTxZdEHmCoP789AAAAAElFTkSuQmCC"
          style="visibility: visible; transition: visibility 200ms ease-out 700ms;"
        />
      </swiper-slide>
      <swiper-slide
        data-testid="swiper-slide"
      >
        <img
          alt="property-thumbs-1"
          loading="lazy"
          src="data:image/png;base64,iVBORw0KGgoAAAANSUhEUgAAAAQAAAAECAIAAAAmkwkpAAAACXBIWXMAAA7EAAAOxAGVKw4bAAAAP0lEQVR4nAE0AMv/AAAHEYuepKGtsyYyOABEVVWtsLagm6STtK8Ap6ely8G2//TW6v/1AKqtoM+9n/3fxdzTxZdEHmCoP789AAAAAElFTkSuQmCC"
          style="visibility: visible; transition: visibility 200ms ease-out 700ms;"
        />
      </swiper-slide>
    </swiper-container>
  </div>
</div>
`;
