// Jest Snapshot v1, https://goo.gl/fbAQLP

exports[`NothingFound component should take a snapshot 1`] = `
<div>
  <div
    class="sc-fsYfdN jQekBI"
  >
    <img
      alt="nothink found"
      src="/images/nothinkFound.svg"
      style="visibility: visible; transition: visibility 200ms ease-out 700ms;"
    />
  </div>
</div>
`;
