// Jest Snapshot v1, https://goo.gl/fbAQLP

exports[`PropertyCard should take a snapshot 1`] = `
<div>
  <a
    href="/property/123"
  >
    <div
      class="MuiPaper-root MuiPaper-elevation MuiPaper-rounded MuiPaper-elevation1 MuiCard-root sc-beySPh exFZaj css-bhp9pd-MuiPaper-root-MuiCard-root"
    >
      <button
        class="MuiButtonBase-root MuiCardActionArea-root css-1oitmrd-MuiButtonBase-root-MuiCardActionArea-root"
        tabindex="0"
        type="button"
      >
        <div
          class="MuiCardMedia-root sc-guDLey kpUfML css-16cvb1l-MuiCardMedia-root"
          role="img"
          style="background-image: url(image.jpg);"
        />
        <div
          class="MuiCardContent-root sc-dmyCSP bEZSpk css-46bh2p-MuiCardContent-root"
        >
          <p
            class="MuiTypography-root MuiTypography-body1 title css-ahj2mt-MuiTypography-root"
          >
            Beautiful House
          </p>
          <p
            class="MuiTypography-root MuiTypography-body1 address css-ahj2mt-MuiTypography-root"
          >
            123 Main St
          </p>
          <p
            class="MuiTypography-root MuiTypography-body1 price css-ahj2mt-MuiTypography-root"
          >
            $100,000.00
          </p>
        </div>
        <span
          class="MuiCardActionArea-focusHighlight css-1v2exvi-MuiCardActionArea-focusHighlight"
        />
        <span
          class="MuiTouchRipple-root css-8je8zh-MuiTouchRipple-root"
        />
      </button>
    </div>
  </a>
</div>
`;
