// Jest Snapshot v1, https://goo.gl/fbAQLP

exports[`PropertyCard should match snapshot 1`] = `
.c0 {
  width: 350px;
  height: 500px;
  border: 1px solid #979797;
  transition: box-shadow 0.3s ease;
}

.c0:hover {
  box-shadow: 0 34px 36px 0 #00000021;
}

.c1 {
  height: 280px;
}

.c2 {
  display: flex;
  flex-direction: column;
  height: 220px;
}

.c2>* {
  height: 33%;
}

.c2 p {
  font-size: 20px;
}

.c2 p.title {
  font-weight: 700;
}

.c2 p.price {
  color: #F4511E;
  font-size: 25px;
}

<div>
  <a
    to="property/123"
  >
    <div
      class="MuiPaper-root MuiPaper-elevation MuiPaper-rounded MuiPaper-elevation1 MuiCard-root c0 css-bhp9pd-MuiPaper-root-MuiCard-root"
    >
      <button
        class="MuiButtonBase-root MuiCardActionArea-root css-1oitmrd-MuiButtonBase-root-MuiCardActionArea-root"
        tabindex="0"
        type="button"
      >
        <div
          class="MuiCardMedia-root c1 css-16cvb1l-MuiCardMedia-root"
          role="img"
          style="background-image: url(image.jpg);"
        />
        <div
          class="MuiCardContent-root c2 css-46bh2p-MuiCardContent-root"
        >
          <p
            class="MuiTypography-root MuiTypography-body1 title css-ahj2mt-MuiTypography-root"
          >
            Beautiful House
          </p>
          <p
            class="MuiTypography-root MuiTypography-body1 address css-ahj2mt-MuiTypography-root"
          >
            123 Main St
          </p>
          <p
            class="MuiTypography-root MuiTypography-body1 price css-ahj2mt-MuiTypography-root"
          >
            $100,000.00
          </p>
        </div>
        <span
          class="MuiCardActionArea-focusHighlight css-1v2exvi-MuiCardActionArea-focusHighlight"
        />
        <span
          class="MuiTouchRipple-root css-8je8zh-MuiTouchRipple-root"
        />
      </button>
    </div>
  </a>
</div>
`;
