// Jest Snapshot v1, https://goo.gl/fbAQLP

exports[`SomethingWentWrong component should take a snapshot 1`] = `
<div>
  <div
    class="sc-iBdnpw kymDiO"
  >
    <img
      alt="Something went wrong"
      src="/images/somethingWentWrong.png"
      style="visibility: visible; transition: visibility 200ms ease-out 700ms;"
    />
    ;
  </div>
</div>
`;
